// Vitest Snapshot v1, https://vitest.dev/guide/snapshot.html

exports[`@xsai/stream-object > basic 1`] = `
{
  "answer": "",
}
`;

exports[`@xsai/stream-object > basic 2`] = `
{
  "answer": "YES",
}
`;
