// Vitest Snapshot v1, https://vitest.dev/guide/snapshot.html

exports[`@xsai/generate-object > basic 1`] = `
{
  "ingredients": [
    {
      "amount": "2",
      "name": "steak",
    },
    {
      "amount": "1/4 cup",
      "name": "olive oil",
    },
    {
      "amount": "",
      "name": "garlic powder",
    },
    {
      "amount": "",
      "name": "paprika",
    },
    {
      "amount": "1 tablespoon",
      "name": "kosher salt",
    },
    {
      "amount": "1 teaspoon",
      "name": "black pepper",
    },
  ],
  "name": "sous vide steak recipe",
  "steps": [
    "Step 1: Prepare your steak. Bring the steak to room temperature before cooking, about 30 minutes.",
    "Step 2: Seasoning Mix a dry blend of garlic powder and paprika. Add salt and pepper according to taste to season. Rub this mix evenly across steak.",
    "Step 3: Heat Sous, Seal with plastic wrap and Place Steak at desired Temperature (Between 120°F - 160 °F), Let it cook for 1 hour before searing with hot pan. You may remove the wrapping to allow juices from coming out during sear",
    "Step 4: Pan-searing Add steak without wrapping, sauté in hot pan on high heat (with a small amount of olive oil) until desired crust.",
    "Step 5: Final touches Remove Pan-cooked steak and immediately whisk 2 tablespoons butter and one tablespoon juice.",
  ],
}
`;
