// Vitest Snapshot v1, https://vitest.dev/guide/snapshot.html

exports[`@xsai/stream-text > 42 1`] = `
"The ultimate question of life, the universe, and everything.

Unfortunately, it's not a simple answer that can be provided in a straightforward response. However, I can try to provide some context and insight.

In Douglas Adams' science fiction series "The Hitchhiker's Guide to the Galaxy," a supercomputer named Deep Thought is asked to find the ultimate answer to the question of life, the universe, and everything. After 7.5 million years of computation, Deep Thought finally reveals that the answer is... 42.

However, before revealing the actual number, the characters in the series realize that they had no idea what the ultimate question actually was! The answer "42" becomes a humorous commentary on the search for meaning and the complexity of understanding the universe.

So, while I can tell you about the concept behind the answer (and the humor it adds to the series), I don't have an actual number to provide that represents the purpose of life or the nature of the universe. Maybe we just need to ponder the questions along with the characters in Douglas Adams' imaginative world!"
`;

exports[`@xsai/stream-text > 42 2`] = `
[
  "The",
  " ultimate",
  " question",
  " of",
  " life",
  ",",
  " the",
  " universe",
  ",",
  " and",
  " everything",
  ".

",
  "Unfortunately",
  ",",
  " it",
  "'s",
  " not",
  " a",
  " simple",
  " answer",
  " that",
  " can",
  " be",
  " provided",
  " in",
  " a",
  " straightforward",
  " response",
  ".",
  " However",
  ",",
  " I",
  " can",
  " try",
  " to",
  " provide",
  " some",
  " context",
  " and",
  " insight",
  ".

",
  "In",
  " Douglas",
  " Adams",
  "'",
  " science",
  " fiction",
  " series",
  " "",
  "The",
  " Hitch",
  "h",
  "iker",
  "'s",
  " Guide",
  " to",
  " the",
  " Galaxy",
  ","",
  " a",
  " super",
  "computer",
  " named",
  " Deep",
  " Thought",
  " is",
  " asked",
  " to",
  " find",
  " the",
  " ultimate",
  " answer",
  " to",
  " the",
  " question",
  " of",
  " life",
  ",",
  " the",
  " universe",
  ",",
  " and",
  " everything",
  ".",
  " After",
  " ",
  "7",
  ".",
  "5",
  " million",
  " years",
  " of",
  " computation",
  ",",
  " Deep",
  " Thought",
  " finally",
  " reveals",
  " that",
  " the",
  " answer",
  " is",
  "...",
  " ",
  "42",
  ".

",
  "However",
  ",",
  " before",
  " revealing",
  " the",
  " actual",
  " number",
  ",",
  " the",
  " characters",
  " in",
  " the",
  " series",
  " realize",
  " that",
  " they",
  " had",
  " no",
  " idea",
  " what",
  " the",
  " ultimate",
  " question",
  " actually",
  " was",
  "!",
  " The",
  " answer",
  " "",
  "42",
  """,
  " becomes",
  " a",
  " humorous",
  " commentary",
  " on",
  " the",
  " search",
  " for",
  " meaning",
  " and",
  " the",
  " complexity",
  " of",
  " understanding",
  " the",
  " universe",
  ".

",
  "So",
  ",",
  " while",
  " I",
  " can",
  " tell",
  " you",
  " about",
  " the",
  " concept",
  " behind",
  " the",
  " answer",
  " (",
  "and",
  " the",
  " humor",
  " it",
  " adds",
  " to",
  " the",
  " series",
  "),",
  " I",
  " don",
  "'t",
  " have",
  " an",
  " actual",
  " number",
  " to",
  " provide",
  " that",
  " represents",
  " the",
  " purpose",
  " of",
  " life",
  " or",
  " the",
  " nature",
  " of",
  " the",
  " universe",
  ".",
  " Maybe",
  " we",
  " just",
  " need",
  " to",
  " ponder",
  " the",
  " questions",
  " along",
  " with",
  " the",
  " characters",
  " in",
  " Douglas",
  " Adams",
  "'",
  " imaginative",
  " world",
  "!",
  "",
]
`;
