// Vitest Snapshot v1, https://vitest.dev/guide/snapshot.html

exports[`@xsai/tool > generateText with tool 1`] = `"The current temperature in San Francisco is 42Â°F. Would you like any additional information about the weather, such as forecast or humidity levels?"`;
