// Vitest Snapshot v1, https://vitest.dev/guide/snapshot.html

exports[`@xsai/generate-text > basic 1`] = `
[
  {
    "finishReason": "stop",
    "stepType": "initial",
    "text": "YES",
    "toolCalls": [],
    "toolResults": [],
    "usage": {
      "completion_tokens": 2,
      "prompt_tokens": 46,
      "total_tokens": 48,
    },
  },
]
`;

exports[`@xsai/generate-text > with tool calling 1`] = `"Right now, it's 42°F (6°C) partly cloudy in San Francisco."`;
